// Jest Snapshot v1, https://goo.gl/fbAQLP

exports[`Details renders 1`] = `"loading"`;
